[    0.000000] Initializing cgroup subsys cpuset
[    0.000000] Initializing cgroup subsys cpu
[    0.000000] Initializin cgroup subsys cpuacct
[    0.000000] Linux version 4.4.0-138-generic (buildd@lcy01-amd64-006) (gcc version 5.4.0 20160609 (Ubuntu 5.4.0-6ubuntu1~16.04.10) ) #164-Ubuntu SMP Tue Oct 2 17:16:02 UTC 2018 (Ubuntu 4.4.0-138.164-generic 4.4.155)
[    0.000000] Command line: BOOT_IMAGE=/boot/vmlinuz-4.4.0-138-generic root=LABEL=clouimg-rootfs ro console=tty1 console=ttyS0
[    0.000000] KERNEL supported cpus:
[    0.000000]   Intel GenuineIntel
[    0.000000]   AMD AuthenticAMD
[    0.000000]   Centaur CentaurHauls
[    0.000000] x86/fpu: Legacy x87 FPU detected.
[    0.000000] e820: BIOS-provided physical RAM map:
[    0.000000] BIOS-e820: [mem 0x0000000000000000-0x000000000009fbff] usable
[    0.000000] BIOS-e820: [mem 0x000000000009fc00-0x000000000009ffff] reserved
[    0.000000] BIOS-e820: [mem 0x00000000000f0000-0x00000000000fffff] reserved
[    0.000000] BIOS-e820: [mem 0x0000000000100000-0x000000003ffeffff] usable
[    0.000000] BIOS-e820: [mem 0x000000003fff0000-0x000000003fffffff] ACPI data
[    0.000000] BIOS-e820: [mem 0x00000000fec00000-0x00000000fec00fff] reserved
[    0.000000] BIOS-e820: [mem 0x00000000fee00000-0x00000000fee00fff] reserved
[    0.000000] BIOS-e820: [mem 0x00000000fffc0000-0x00000000ffffffff] reserved
[    0.000000] NX (Execute Disable) protection: active
[    0.000000] SMBIOS 2.5 present.
[    0.000000] Hypervisor detected: KVM
[    0.00000] e820: last_pfn = 0x3fff0 max_arch_pfn = 0x400000000
[    0.000000] MTRR: Disabled
[    0.000000] x86/PAT: MTRRs disabled, skipping PAT initialization too.
[    0.000000] CPU MTRRs all blank - virtualized system.
[    0.000000] x86/PAT: Configuration [0-7]: WB  WT  UC- UC  WB  WT  UC- UC  
[    0.000000] found SMP MP-table at [mem 0x0009fff0-0x0009ffff] mapped at [ffff88000009fff0]
[    0.000000] Scanning 1 areas for low memory corruption
[    0.000000] RAMDISK: [mem 0x3630c000-0x3717dfff]
[    0.000000] ACPI: Early table checksum verification disabled
[    0.000000] ACPI: RSDP 0x00000000000E0000 000024 (v02 VBOX  )
[    0.000000] ACPI: XSDT 0x000000003FFF0030 00003C (v01 VBOX   VBOXXSDT 00000001 ASL  00000061)
[    0.000000] ACPI: FACP 0x000000003FFF00F0 0000F4 (v04 VBOX   VBOXFACP 00000001 ASL  00000061)
[    0.000000] ACPI: DSDT 0x000000003FFF0470 0021FF (v02 VBOX   VBOXBIOS 00000002 INTL 20100528)
[    0.000000] ACPI: FACS 0x000000003FFF0200 000040
[    0.000000] ACPI: FACS 0x000000003FFF0200 000040
[    0.000000] ACPI: APIC 0x000000003FFF0240 00005C (v02 VBOX   VBOXAPIC 00000001 ASL  00000061)
[    0.000000] ACPI: SSDT 0x000000003FFF02A0 0001CC (v01 VBOX   VBOXCPUT 00000002 INTL 20100528)
[    0.000000] No NUMA configuration found
[    0.000000] Faking a node at [mem 0x0000000000000000-0x000000003ffeffff]
[    0.000000] NODE_DATA(0) allocated [mem 0x3ffeb000-0x3ffeffff]
[    0.000000] kvm-clock: Using msrs 4b564d01 and 4b564d00
[    0.000000] kvm-clock: cpu 0, msr 0:3ffe3001, primary cpu clock
[    0.000000] kvm-clock: using sched offset of 5465787742 cycles
[    0.000000] clocksource: kvm-clock: mask: 0xfffffffffffffff max_cycles: 0x1cd42e4dffb, max_idle_ns: 881590591483 ns
[    0.000000] Zonee ranges:
[    0.000000]   DMA      [mem 0x0000000000001000-0x0000000000ffffff]
[    0.000000]   DMA32    [mem 0x0000000001000000-0x000000003ffeffff]
[    0.000000]   Normal   empty
[    0.000000]   Device   empty
[    0.000000] Movable zone start for each node
[    0.000000] Early memory node ranges
[   0.000000]   node   0: [mem 0x0000000000001000-0x000000000009efff]
[    0.000000]   node   0: [mem 0x0000000000100000-0x000000003ffeffff]
[    0.000000] Initmem setup node 0 [mem 0x0000000000001000-0x000000003ffeffff]
[    0.000000] ACPI: PM-Timer IO Port: 0x4008
[     0.000000] IOAPIC[0]: apic_id 2, version 32, address 0xfec00000, GSI 0-23
[    0.000000] ACPI: INT_SRC_OVR (bus 0 bus_irq 0 global_irq 2 dfl dfl)
[    0.000000] ACPI: INT_SRC_OVR (bus 0 bus_irq 9 global_irq 9 low level)
[    0.000000] Using ACPI (MADT) for SMP configuration information
[    0.000000] smpboot: Allowing 2 CPUs, 0 hotplug CPUs
[    0.000000] PM: Registered nosave memory: [mem 0x00000000-0x00000fff]
[    0.000000] PM: Registered nosave memory: [mem 0x0009f000-0x0009ffff]
[    0.000000] PM: Registered nosave memory: [mem 0x000a0000-0x000effff]
[    0.000000] PM: Registered nosave memory: [mem 0x000f0000-0x000fffff]
[    0.000000] e820: [mem 0x40000000-0xfebfffff] available for PCI devices
[    0.000000] Booting paravirtualized kernel on KVM
[    0.000000] clocksource: refined-jiffies: mask: 0xffffffff max_cycles: 0xffffffff, max_idle_ns: 7645519600211568 ns
[    0.000000] setup_percpu: NR_CPUS:512 nr_cpumask_bits:512 nr_cpu_ids:2 nr_node_ids:1
[    0.000000] PERCPU: Embedded 34 pages/cpu @ffff88003fc00000 s99608 r8192 d31464 u1048576
[    0.000000] PV qspinlock hash table entries: 256 (order: 0, 4096 bytes)
[    0.000000] Built 1 zonelists in Node order, mobility grouping on.  Total pages: 257912
[    0.000000] Policy zone: DMA32
[    0.000000] Kernel command line: BOOT_IMAGE=/boot/vmlinuz-4.4.0-138-generic root=LABEL=cloudimg-rootfs ro console=tty1 console=ttyS0
[    0.000000] PID hash table entries: 4096 (order: 3, 32768 bytes)
[    0.000000] Memory: 997712K/1048120K available (8563K kernel code, 1314K rwdata, 4004K rodata, 1528K init, 1316K bss, 50408K reserved, 0K cma-reserved)
[    0.000000] SLUB: HWalign=64, Order=0-3, MinObjects=0, CPUs=2, Nodes=1
[    0.000000] Kernel/User page tables isolation: enabled
[    0.000000] Hierarchical RCU implementation.
[    0.000000] 	Build-time adjustment of leaf fanout to 64.
[    0.000000] 	RCU restricting CPUs from NR_CPUS=512 to nr_cpu_ids=2.
[    0.000000] RCU: Adjusting geometry for rcu_fanout_leaf=64, nr_cpu_ids=2
[    0.000000] NR_IRQS:33024 nr_irqs:440 16
[    0.000000] Console: colour VGA+ 80x25
[    0.000000] console [tty1] enabled
[    0.000000] console [ttyS0] enabled
[    0.000000] tsc: Detected 2741.632 MHz processor
[    0.719592] Calibrating delay loop (skipped) preset value.. 5483.26 BogoMIPS (lpj=10966528)
[    0.724183] pid_max: default: 32768 minimum: 301
[    0.726770] ACPI: Core revision 20150930
[    0.731441] ACPI: 2 ACPI AML tables successfully acquired and loaded
[    0.734946] Security Framework initialized
[    0.736983] Yama: becoming mindful.
[    0.739064] AppArmor: AppArmor initialized
[    0.741502] Dentry cache hash table entries: 131072 (order: 8, 1048576 bytes)
[    0.747527] Inode-cache hash table entries: 65536 (order: 7, 524288 bytes)
[    0.751089] Mount-cache hash table entries: 2048 (order: 2, 16384 bytes)
[    0.754505] Mountpoint-cache hash table entries: 2048 (order: 2, 16384 bytes)
[    0.758353] Initializing cgroup subsys io
[    0.760659] Initializing cgroup subsys memory
[    0.763074] Initializing cgroup subsys devices
[    0.765575] Initializing cgroup subsys freezer
[    0.767785] Initializing cgroup subsys net_cls
[    0.770193] Initializing cgroup subsys perf_event
[    0.772826] Initializing cgroup subsys net_prio
[    0.775333] Initializing cgroup subsys hugetlb
[    0.777607] Initializing cgroup subsys pids
[    0.780162] mce: CPU supports 0 MCE banks
[    0.782330] Last level iTLB entries: 4KB 512, 2MB 7, 4MB 7
[    0.785042] Last level dTLB entries: 4KB 512, 2MB 32, 4MB 32, 1GB 0
[    0.787899] Spectre V2 : Mitigation: Full generic retpoline
[    0.790814] Spectre V2 : Spectre v2 mitigation: Speculation control IBPB not-supported IBRS not-supported
[    0.794920] Spectre V2 : Spectre v2 / SpectreRSB mitigation: Filling RSB on context switch
[    0.800007] Speculative Store Bypass: Vulnerable
[    0.809404] Freeing SMP alternatives memory: 32K
[    0.835603] ftrace: allocating 32278 entries in 127 pages
[    0.980547] smpboot: APIC(0) Converting physical 0 to logical package 0
[    0.984954] smpboot: Max logical packages: 1
[    0.988000] x2apic enabled
[    0.990155] Switched APIC routing to physical x2apic.
[    0.995104] ..TIMER: vector=0x30 apic1=0 pin1=2 apic2=-1 pin2=-1
[    1.102492] smpboot: CPU0: Intel(R) Core(TM) i5 CPU       M 560  @ 2.67GHz (family: 0x6, model: 0x25, stepping: 0x5)
[    1.109834] Performance Events: unsupported p6 CPU model 37 no PMU driver, software events only.
[    1.114512] KVM setup paravirtual spinlock
[    1.118481] x86: Booting SMP configuration:
[    1.124099] .... node  #0, CPUs:      #1
[    1.126691] kvm-clock: cpu 1, msr 0:3ffe3041, secondary cpu clock
[    1.129914] mce: CPU supports 0 MCE banks
[    1.133943] x86: Booted up 1 node, 2 CPUs
[    1.136315] smpboot: Total of 2 processors activated (10966.52 BogoMIPS)
[    1.142928] devtmpfs: initialized
[    1.149747] evm: security.selinux
[    1.152138] evm: security.SMACK64
[    1.154078] evm: security.SMACK64EXEC
[    1.156211] evm: security.SMACK64TRANSMUTE
[    1.158297] evm: security.SMACK64MMAP
[    1.160332] evm: security.ima
[    1.169547] evm: security.capability
[    1.172179] clocksource: jiffies: mask: 0xffffffff max_cycles: 0xffffffff, max_idle_ns: 7645041785100000 ns
[    1.179912] futex hash table entries: 512 (order: 3, 32768 bytes)
[    1.189789] pinctrl core: initialized pinctrl subsystem
[    1.192963] RTC time:  0:35:21, date: 11/08/18
[    1.197916] NET: Registered protocol family 16
[    1.210709] cpuidle: using governor ladder
[    1.234019] cpuidle: using governor menu
[    1.242373] PCCT header not found.
[    1.248064] ACPI: bus type PCI registered
[    1.250093] acpiphp: ACPI Hot Plug PCI Controller Driver version: 0.5
[    1.257226] PCI: Using configuration type 1 for base access
[    1.274955] ACPI: Added _OSI(Module Device)
[    1.277398] ACPI: Added _OSI(Processor Device)
[    1.286825] ACPI: Added _OSI(3.0 _SCP Extensions)
[    1.289150] ACPI: Added _OSI(Processor Aggregator Device)
[    1.294076] ACPI: Executed 1 blocks of module-level executable AML code
[    1.302924] ACPI: Interpreter enabled
[    1.304961] ACPI: (supports S0 S5)
[    1.306784] ACPI: Using IOAPIC for interrupt routing
[    1.317664] PCI: Using host bridge windows from ACPI; if necessary, use "pci=nocrs" and report a bug
[    1.337077] ACPI: PCI Root Bridge [PCI0] (domain 0000 [bus 00-ff])
[    1.347303] acpi PNP0A03:00: _OSC: OS supports [ASPM ClockPM Segments MSI]
[    1.366222] acpi PNP0A03:00: _OSC: not requesting OS control; OS requires [ExtendedConfig ASPM ClockPM MSI]
[    1.371532] acpi PNP0A03:00: fail to add MMCONFIG information, can't access extended PCI configuration space under this bridge.
[    1.379978] PCI host bridge to bus 0000:00
[    1.382357] pci_bus 0000:00: root bus resource [io  0x0000-0x0cf7 window]
[    1.388343] pci_bus 0000:00: root bus resource [io  0x0d00-0xffff window]
[    1.397551] pci_bus 0000:00: root bus resource [mem 0x000a0000-0x000bffff window]
[    1.402045] pci_bus 0000:00: root bus resource [mem 0x40000000-0xfdffffff window]
[    1.410187] pci_bus 0000:00: root bus resource [bus 00-ff]
[    1.418510] pci 0000:00:01.1: legacy IDE quirk: reg 0x10: [io  0x01f0-0x01f7]
[    1.426062] pci 0000:00:01.1: legacy IDE quirk: reg 0x14: [io  0x03f6]
[    1.431062] pci 0000:00:01.1: legacy IDE quirk: reg 0x18: [io  0x0170-0x0177]
[    1.434481] pci 0000:00:01.1: legacy IDE quirk: reg 0x1c: [io  0x0376]
[    1.488908] pci 0000:00:07.0: quirk: [io  0x4000-0x403f] claimed by PIIX4 ACPI
[    1.493100] pci 0000:00:07.0: quirk: [io  0x4100-0x410f] claimed by PIIX4 SMB
[    1.517914] ACPI: PCI Interrupt Link [LNKA] (IRQs 5 9 10 *11)
[    1.522340] ACPI: PCI Interrupt Link [LNKB] (IRQs 5 9 *10 11)
[    1.526093] ACPI: PCI Interrupt Link [LNKC] (IRQs 5 *9 10 11)
[    1.553072] ACPI: PCI Interrupt Link [LNKD] (IRQs 5 9 10 *11)
[    1.556933] ACPI: Enabled 2 GPEs in block 00 to 07
[    1.560217] vgaarb: setting as boot device: PCI:0000:00:02.0
[    1.562815] vgaarb: device added: PCI:0000:00:02.0,decodes=io+mem,owns=io+mem,locks=none
[    1.577158] vgaarb: loaded
[    1.579283] vgaarb: bridge control possible 0000:00:02.0
[    1.583540] SCSI subsystem initialized
[    1.588144] ACPI: bus type USB registered
[    1.591164] usbcore: registered new interface driver usbfs
[    1.595663] usbcore: registered new interface driver hub
[    1.599215] usbcore: registered new device driver usb
[    1.603494] PCI: Using ACPI for IRQ routing
[    1.607427] NetLabel: Initializing
[    1.610191] NetLabel:  domain hash size = 128
[    1.613275] NetLabel:  protocols = UNLABELED CIPSOv4
[    1.620441] NetLabel:  unlabeled traffic allowed by default
[    1.626665] amd_nb: Cannot enumerate AMD northbridges
[    1.631305] clocksource: Switched to clocksource kvm-clock
[    1.654732] AppArmor: AppArmor Filesystem Enabled
[    1.665473] pnp: PnP ACPI init
[    1.669900] pnp: PnP ACPI: found 3 devices
[    1.693887] clocksource: acpi_pm: mask: 0xffffff max_cycles: 0xffffff, max_idle_ns: 2085701024 ns
[    1.699027] NET: Registered protocol family 2
[    1.702779] TCP established hash table entries: 8192 (order: 4, 65536 bytes)
[    1.706968] TCP bind hash table entries: 8192 (order: 5, 131072 bytes)
[    1.710156] TCP: Hash tables configured (esablished 8192 bind 8192)
[    1.753770] UDP hash table entries: 512 (order: 2, 16384 bytes)
[    1.756208] UDP-Lite hash table entries: 512 (order: 2, 16384 bytes)
[    1.75829] NET: Registered protocol family 1
[    1.803806] pci 0000:00:00.0: Limiting direct PCI/PCI transfers
[    1.806496] pci 0000:00:01.0: Activating ISA DMA hang workarounds
[    1.809512] Unpacking initramfs...

[    2.356971] Freeing initrd memory: 14792K
[    2.361894] platform rtc_cmos: registered platform RTC device (no PNP device found)
[    2.371447] Scanning for low memory corruption every 60 seconds
[    2.374968] audit: initializing netlink subsys (disabled)
[    2.383518] audit: type=2000 audit(1541637328.890:1): initialized
[    2.386605] Initialise system trusted keyring
[    2.395833] HugeTLB registered 2 MB page size, pre-allocated 0 pages
[    2.401692] zbud: loaded
[    2.403956] VFS: Disk quotas dquot_6.6.0
[    2.411918] VFS: Dquot-cache hash table entries: 512 (order 0, 4096 bytes)
[    2.423995] squashfs: version 4.0 (2009/01/31) Phillip Lougher
[    2.427568] fuse init (API version 7.23)
[    2.429836] Key type big_key registered
[    2.431647] Allocating IMA MOK and blacklist keyrings.
[    2.445608] Key type asymmetric registered
[    2.447652] Asymmetric key parser 'x509' registered
[    2.465932] Block layer SCSI generic (bsg) driver version 0.4 loaded (major 249)
[    2.472124] io scheduler noop registered
[    2.474595] io scheduler deadline registered (default)
[    2.482999] io scheduler cfq registered
[    2.485438] pci_hotplug: PCI Hot Plug PCI Core version: 0.5
[    2.487970] pciehp: PCI Express Hot Plug Controller Driver version: 0.4
[    2.498632] ACPI: AC Adapter [AC] (on-line)
[    2.500864] input: Power Button as /devices/LNXSYSTM:00/LNXPWRBN:00/input/input0
[    2.511085] ACPI: Power Button [PWRF]
[    2.513227] input: Sleep Button as /devices/LNXSYSTM:00/LNXSLPBN:00/input/input1
[    2.518354] ACPI: Sleep Button [SLPF]
[    2.520713] GHES: HEST is not enabled!
[    2.523477] Serial: 8250/16550 driver, 32 ports, IRQ sharing enabled
[    2.524188] ACPI: Battery Slot [BAT0] (battery present)
[    2.561628] 00:02: ttyS0 at I/O 0x3f8 (irq = 4, base_baud = 115200) is a 16550A
[    2.574552] Linux agpgart interface v0.103
[    2.583154] loop: module loaded
[    2.587597] scsi host0: ata_piix
[    2.589824] scsi host1: ata_piix
[    2.591583] ata1: PATA max UDMA/33 cmd 0x1f0 ctl 0x3f6 bmdma 0xd000 irq 14
[    2.600181] ata2: PATA max UDMA/33 cmd 0x170 ctl 0x376 bmdma 0xd008 irq 15
[    2.604122] libphy: Fixed MDIO Bus: probed
[    2.606380] tun: Universal TUN/TAP device driver, 1.6
[    2.609098] tun: (C) 1999-2004 Max Krasnyansky <maxk@qualcomm.com>
[    2.613447] PPP generic driver version 2.4.2
[    2.615799] ehci_hcd: USB 2.0 'Enhanced' Host Controller (EHCI) Driver
[    2.618670] ehci-pci: EHCI PCI platform driver
[    2.620974] ehci-platform: EHCI generic platform driver
[    2.623408] ohci_hcd: USB 1.1 'Open' Host Controller (OHCI) Driver
[    2.638462] ohci-pci: OHCI PCI platform driver
[    2.646566] ohci-platform: OHCI generic platform driver
[    2.654080] uhci_hcd: USB Universal Host Controller Interface driver
[    2.663649] i8042: PNP: PS/2 Controller [PNP0303:PS2K,PNP0f03:PS2M] at 0x60,0x64 irq 1,12
[    2.674653] serio: i8042 KBD port at 0x60,0x64 irq 1
[    2.685381] serio: i8042 AUX port at 0x60,0x64 irq 12
[    2.688427] mousedev: PS/2 mouse device common for all mice
[    2.703101] input: AT Translated Set 2 keyboard as /devices/platform/i8042/serio0/input/input2
[    2.709585] rtc_cmos rtc_cmos: rtc core: registered rtc_cmos as rtc0
[    2.709712] rtc_cmos rtc_cmos: alarms up to one day, 114 bytes nvram
[    2.709730] i2c /dev entries driver
[    2.709869] device-mapper: uevent: version 1.0.3
[    2.709985] device-mapper: ioctl: 4.34.0-ioctl (2015-10-28) initialised: dm-devel@redhat.com
[    2.710022] ledtrig-cpu: registered to indicate activity on CPUs
[    2.715978] NET: Registered protocol family 10
[    2.716332] NET: Registered protocol family 17
[    2.716351] Key type dns_resolver registered
[    2.716886] registered taskstats version 1
[    2.716909] Loading compiled-in X.509 certificates
[    2.718631] Loaded X.509 cert 'Build time autogenerated kernel key: 9a104bc44b81e9426fe5c715e47d021d02d69eba'
[    2.718674] zswap: loaded using pool lzo/zbud
[    2.722835] Key type trusted registered
[    2.730999] Key type encrypted registered
[    2.731010] AppArmor: AppArmor sha1 policy hashing enabled
[    2.731015] ima: No TPM chip found, activating TPM-bypass!
[    2.731031] ima: Allocated hash algorithm: sha1
[    2.731063] evm: HMAC attrs: 0x1
[    2.731732]   Magic number: 10:656:556
[    2.733469] rtc_cmos rtc_cmos: setting system clock to 2018-11-08 00:35:23 UTC (1541637323)
[    2.733666] BIOS EDD facility v0.16 2004-Jun-25, 0 devices found
[    2.733667] EDD information not available.
[    2.826446] Freeing unused kernel memory: 1528K
[    2.843993] Write protecting the kernel read-only data: 14336k
[    2.848029] Freeing unused kernel memory: 1664K
[    2.857995] Freeing unused kernel memory: 92K
Loading, please wait...
starting version 229
[    2.908041] random: systemd-udevd: uninitialized urandom read (16 bytes read, 3 bits of entropy available)
[    2.909263] random: udevadm: uninitialized urandom read (16 bytes read, 3 bits of entropy available)
[    2.909319] random: udevadm: uninitialized urandom read (16 bytes read, 3 bits of entropy available)
[    2.926267] random: systemd-udevd: uninitialized urandom read (16 bytes read, 3 bits of entropy available)
[    2.938896] random: udevadm: uninitialized urandom read (16 bytes read, 3 bits of entropy available)
[    2.939008] random: udevadm: uninitialized urandom read (16 bytes read, 3 bits of entropy available)
[    2.939560] random: udevadm: uninitialized urandom read (16 bytes read, 3 bits of entropy available)
[    2.939731] random: udevadm: uninitialized urandom read (16 bytes read, 3 bits of entropy available)
[    2.939921] random: udevadm: uninitialized urandom read (16 bytes read, 3 bits of entropy available)
[    2.940084] random: udevadm: uninitialized urandom read (16 bytes read, 3 bits of entropy available)
[    3.091002] e1000: Intel(R) PRO/1000 Network Driver - version 7.3.21-k8-NAPI
[    3.099909] e1000: Copyright (c) 1999-2006 Intel Corporation.
[    3.105165] Fusion MPT base driver 3.04.20
[    3.107345] Copyright (c) 1999-2008 LSI Corporation
[    3.145834] Fusion MPT SPI Host driver 3.04.20
[    3.193402] SSE version of gcm_enc/dec engaged.
[    3.359235] input: ImExPS/2 Generic Explorer Mouse as /devices/platform/i8042/serio1/input/input4
[    3.371802] clocksource: tsc: mask: 0xffffffffffffffff max_cycles: 0x2784deb7567, max_idle_ns: 440795343580 ns
[    3.604922] e1000 0000:00:03.0 eth0: (PCI:33MHz:32-bit) 02:33:70:c2:c2:dc
[    3.614655] e1000 0000:00:03.0 eth0: Intel(R) PRO/1000 Network Connection
[    3.621093] mptbase: ioc0: Initiating bringup
[    3.622737] e1000 0000:00:03.0 enp0s3: renamed from eth0
[    3.839855] ioc0: LSI53C1030 A0: Capabilities={Initiator}
[    4.422572] scsi host2: ioc0: LSI53C1030 A0, FwRev=00000000h, Ports=1, MaxQ=256, IRQ=20
[    4.834123] scsi 2:0:0:0: Direct-Access     VBOX     HARDDISK         1.0  PQ: 0 ANSI: 5
[    4.839781] scsi target2:0:0: Beginning Domain Validation
[    4.851723] scsi target2:0:0: Domain Validation skipping write tests
[    4.855109] scsi target2:0:0: Ending Domain Validation
[    4.859849] scsi target2:0:0: asynchronous
[    4.863536] scsi 2:0:1:0: Direct-Access     VBOX     HARDDISK         1.0  PQ: 0 ANSI: 5
[    4.867860] scsi target2:0:1: Beginning Domain Validation
[    4.873507] scsi target2:0:1: Domain Validation skipping write tests
[    4.876752] scsi target2:0:1: Ending Domain Validation
[    4.879691] scsi target2:0:1: asynchronous
[    4.903557] sd 2:0:0:0: Attached scsi generic sg0 type 0
[    4.907490] sd 2:0:0:0: [sda] 20971520 512-byte logical blocks: (10.7 GB/10.0 GiB)
[    4.912091] sd 2:0:0:0: [sda] Write Protect is off
[    4.922625] sd 2:0:1:0: Attached scsi generic sg1 type 0
[    4.932705] sd 2:0:1:0: [sdb] 20480 512-byte logical blocks: (10.5 MB/10.0 MiB)
[    4.947111] sd 2:0:0:0: [sda] Incomplete mode parameter data
[    4.947115] sd 2:0:0:0: [sda] Assuming drive cache: write through
[    4.964243]  sda: sda1
[    4.966283] sd 2:0:0:0: [sda] Attached SCSI disk
[    5.012477] sd 2:0:1:0: [sdb] Write Protect is off
[    5.015479] sd 2:0:1:0: [sdb] Incomplete mode parameter data
[    5.018207] sd 2:0:1:0: [sdb] Assuming drive cache: write through
[    5.192034] sd 2:0:1:0: [sdb] Attached SCSI disk
Begin: Loading essential drivers ... [    7.308094] md: linear personality registered for level -1
[    7.319600] md: multipath personality registered for level -4
[    7.330457] md: raid0 personality registered for level 0
[    7.342843] md: raid1 personality registered for level 1
[    7.423370] raid6: sse2x1   gen()  2875 MB/s
[    7.491350] raid6: sse2x1   xor()  2298 MB/s
[    7.559345] raid6: sse2x2   gen()  3426 MB/s
[    7.627368] raid6: sse2x2   xor()  2784 MB/s
[    7.695548] raid6: sse2x4   gen()  3979 MB/s
[    7.763605] raid6: sse2x4   xor()  2638 MB/s
[    7.766404] raid6: using algorithm sse2x4 gen() 3979 MB/s
[    7.770355] raid6: .... xor() 2638 MB/s, rmw enabled
[    7.774215] raid6: using ssse3x2 recovery algorithm
[    7.808197] xor: measuring software checksum speed
[    7.855682]    prefetch64-sse:  4918.000 MB/sec
[    7.895404]    generic_sse:  4177.000 MB/sec
[    7.898718] xor: using function: prefetch64-sse (4918.000 MB/sec)
[    7.911963] async_tx: api initialized (async)
[    7.951476] md: raid6 personality registered for level 6
[    7.958305] md: raid5 personality registered for level 5
[    7.962127] md: raid4 personality registered for level 4
[    7.987663] md: raid10 personality registered for level 10
done.
Begin: Running /scripts/init-premount ... done.
Begin: Mounting root file system ... Begin: Running /scripts/local-top ... done.
Begin: Running /scripts/local-premount ... [    8.098503] Btrfs loaded
Scanning for Btrfs filesystems
done.
Warning: fsck not present, so skipping root file system
[    8.246231] EXT4-fs (sda1): mounted filesystem with ordered data mode. Opts: (null)
done.
Begin: Running /scripts/local-bottom ... done.
Begin: Running /scripts/init-bottom ... done.
[    9.362592] random: nonblocking pool is initialized
[    9.835147] systemd[1]: systemd 229 running in system mode. (+PAM +AUDIT +SELINUX +IMA +APPAOR +SMACK +SYSVINIT +UTMP +LIBCRYPTSETUP +GCRYPT +GNUTLS +ACL +XZ -LZ4 +SECCOMP +BLKIDELFUTILS +KMOD -IDN)

[   10.031921] systemd[1]: Detected virtualization oracle.
[   10.035159] systemd[1]: Detected architecture x86-64.

Welcome to [1mUbuntu 16.04.5 LTS[0m!

[   10.124343] systemd[1]: Set hostname to <ubuntu>.
[   10.221798] systemd[1]: Initializing machine ID from random generator.
[   10.232654] systemd[1]: Installed transient /etc/machine-id file.
[   11.856351] systemd[1]: Listening on udev Control Socket.
[[0;32m  OK  [0m] Listening on udev Control Socket.
[   11.95067] systemd[1]: Listening on Device-mapper event daemon FIFOs.

[[0;32m  OK  [0m] Listening on Device-mapper event daemon FIFOs.
[   11.999490] systemd[1]: Listening on Journal Socket.
[[0;32m  OK  [0m] Listening on Journal Socket.
[   12.011131] systemd[1]: Reached target Encrypted Volumes.
[[0;32m  OK  [0m] Reached target Encrypted Volumes.
[   12.017208] systemd[1]: Listening on LVM2 poll daemon socket.
[[0;32m  OK  [0m] Listening on LVM2 poll daemon socket.
[   12.029747] systemd[1]: Reached target Swap.
[[0;32m  OK  [0m] Reached target Swap.
[   12.036363] systemd[1]: Started Forward Password Requests to Wall Directory Watch.
[[0;32m  OK  [0m] Started Forward Password Requests to Wall Directory Watch.
[   12.055969] systemd[1]: Listening on Journal Socket (/dev/log).
[[0;32m  OK  [0m] Listening on Journal Socket (/dev/log).
[   12.063994] systemd[1]: Listening on /dev/initctl Compatibility Named Pipe.
[[0;32m  OK  [0m] Listening on /dev/initctl Compatibility Named Pipe.
[   12.080321] systemd[1]: Listening on Journal Audit Socket.
[[0;32m  OK  [0m] Listening on Journal Audit Socket.
[   12.086686] systemd[1]: Listening on udev Kernel Socket.
[[0;32m  OK  [0m] Listening on udev Kernel Socket.
[   12.093901] systemd[1]: Listening on LVM2 metadata daemon socket.
[[0;32m  OK  [0m] Listening on LVM2 metadata daemon socket.
[   12.108798] systemd[1]: Set up automount Arbitrary Executable File Formats File System Automount Point.
[[0;32m  OK  [0m] Set up automount Arbitrary Executab...ats File System Automount Point.
[   12.120872] systemd[1]: Created slice User and Session Slice.
[[0;32m  OK  [0m] Created slice User and Session Slice.
[   12.128214] systemd[1]: Reached target User and Group Name Lookups.
[[0;32m  OK  [0m] Reached target User and Group Name Lookups.
[   12.136695] systemd[1]: Created slice System Slice.
[[0;32m  OK  [0m] Created slice System Slice.
[   12.155993] systemd[1]: Mounting POSIX Message Queue File System...
         Mounting POSIX Message Queue File System...
[   12.171363] systemd[1]: Mounting Huge Pages File System...
         Mounting Huge Pages File System...
[   12.180162] systemd[1]: Starting Set console keymap...
         Starting Set console keymap...
[   12.200685] systemd[1]: Starting Remount Root and Kernel File Systems...
         Starting Remount Root and Kernel File Systems...
[   12.239030] EXT4-fs (sda1): re-mounted. Opts: (null)
[   12.267918] systemd[1]: Starting Load Kernel Modules...
         Starting Load Kernel Modules...
[   12.293889] systemd[1]: Reached target Slices.
[[0;32m  OK  [0m] Reached target Slices.
[   12.323816] systemd[1]: Starting Nameserver information manager...
         Starting Nameserver information manager...
[   12.351091] systemd[1]: Mounting Debug File System...
         Mounting Debug File System...
[   12.407888] Loading iSCSI transport class v2.0-870.
[   12.439821] systemd[1]: Starting Create list of required static device nodes for the current kernel...
[   12.445538] iscsi: registered transport (tcp)
         Starting Create list of required st... nodes for the current kernel...
[   12.454808] systemd[1]: Created slice system-serial\x2dgetty.slice.
[[0;32m  OK  [0m] Created slice system-serial\x2dgetty.slice.
[   12.507983] systemd[1]: Starting Monitoring of LVM2 mirrors, snapshots etc. using dmeventd or progress polling...
         Starting Monitoring of LVM2 mirrors... dmeventd or progress polling...
[   12.526523] systemd[1]: Starting Uncomplicated firewall...
         Starting Uncomplicated firewall...
[   12.550468] systemd[1]: Started Trigger resolvconf update for networkd DNS.
[[0;32m  OK  [0m] Started Trigger resolvconf update for networkd DNS.
[   12.559291] systemd[1]: Reached target System Time Synchronized.
[[0;32m  OK  [0m] Reached target System Time Synchronized.
[   12.569623] systemd[1]: Listening on Syslog Socket.
[[0;32m  OK  [0m] Listening on Syslog Socket.
[   12.588015] systemd[1]: Starting Journal Service...
         Starting Journal Service...
[   12.600277] systemd[1]: Mounted POSIX Message Queue File System.
[[0;32m  OK  [0m] Mounted POSIX Message Queue File System.
[   12.608373] systemd[1]: Mounted Huge Pages File System.
[[0;32m  OK  [0m] Mounted Huge Pages File System.
[   12.620070] systemd[1]: Mounted Debug File System.
[[0;32m  OK  [0m] Mounted Debug File System.
[   12.627978] systemd[1]: Started Set console keymap.
[[0;32m  OK  [0m] Started Set console keymap.
[   12.636409] systemd[1]: Started Remount Root and Kernel File Systems.
[[0;32m  OK  [0m] Started Remount Root and Kernel File Systems.
[   12.662037] systemd[1]: Started Create list of required static device nodes for the current kernel.
[[0;32m  OK  [0m] Started Create list of required sta...ce nodes for the current kernel.
[   12.681353] systemd[1]: Started Uncomplicated firewall.
[   12.685144] iscsi: registered transport (iser)
[[0;32m  OK  [0m] Started Uncomplicated firewall.
[   12.691690] systemd[1]: Started Load Kernel Modules.
[[0;32m  OK  [0m] Started Load Kernel Modules.
[   12.724317] systemd[1]: Started Nameserver information manager.
[[0;32m  OK  [0m] Started Nameserver information manager.
[   12.843779] systemd[1]: Started LVM2 metadata daemon.
[[0;32m  OK  [0m] Started LVM2 metadata daemon.
[   12.865112] systemd[1]: Mounting FUSE Control File System...
         Mounting FUSE Control File System...
[   12.900036] systemd[1]: Starting Apply Kernel Variables...
         Starting Apply Kernel Variables...
[   12.912104] systemd[1]: Starting Create Static Device Nodes in /dev...
         Starting Create Static Device Nodes in /dev...
[   12.928158] systemd[1]: Starting Load/Save Random Seed...
         Starting Load/Save Random Seed...
[   13.007993] systemd[1]: Starting udev Coldplug all Devices...
         Starting udev Coldplug all Devices...
[   13.039309] systemd[1]: Mounted FUSE Control File System.
[[0;32m  OK  [0m] Mounted FUSE Control File System.
[   13.088270] systemd[1]: Started Journal Service.
[[0;32m  OK  [0m] Started Journal Service.
[[0;32m  OK  [0m] Started Apply Kernel Variables.
[[0;32m  OK  [0m] Started Load/Save Random Seed.
         Starting Flush Journal to Persistent Storage...
[[0;32m  OK  [0m] Started Monitoring of LVM2 mirrors,...ng dmeventd or progress polling.
[[0;32m  OK  [0m] Started udev Coldplug all Devices.
[[0;32m  OK  [0m] Started Flush Journal to Persistent Storage.
[[0;32m  OK  [0m] Started Create Static Device Nodes in /dev.
         Starting udev Kernel Device Manager...
[[0;32m  OK  [0m] Reached target Local File Systems (Pre).
[[0;32m  OK  [0m] Reached target Local File Systems.
         Starting Initial cloud-init job (pre-networking)...
         Starting Commit a transient machine-id on disk...
         Starting Create Volatile Files and Directories...
         Starting Tell Plymouth To Write Out Runtime Data...
         Starting LSB: AppArmor initialization...
         Starting Set console font and keymap...
[[0;32m  OK  [0m] Started Commit a transient machine-id on disk.
[[0;32m  OK  [0m] Started Tell Plymouth To Write Out Runtime Data.
[[0;32m  OK  [0m] Started Create Volatile Files and Directories.
         Starting Update UTMP about System Boot/Shutdown...
[[0;32m  OK  [0m] Started Update UTMP about System Boot/Shutdown.
[[0;32m  OK  [0m] Started udev Kernel Device Manager.
[[0;32m  OK  [0m] Started Dispatch Password Requests to Console Directory Watch.
[[0;32m  OK  [0m] Started Set console font and keymap.
[[0;32m  OK  [0m] Created slice system-getty.slice.
[[0;32m  OK  [0m] Found device /dev/ttyS0.
[[0;32m  OK  [0m] Listening on Load/Save RF Kill Switch Status /dev/rfkill Watch.
[[0;32m  OK  [0m] Started LSB: AppArmor initialization.
[   19.915402] cloud-init[467]: Cloud-init v. 18.4-0ubuntu1~16.04.2 running 'init-local' at Thu, 08 Nov 2018 00:35:40 +0000. Up 18.86 seconds.
[[0;32m  OK  [0m] Started Initial cloud-init job (pre-networking).
[[0;32m  OK  [0m] Reached target Network (Pre).
         Starting Raise network interfaces...
[[0;32m  OK  [0m] Started Raise network interfaces.
         Starting Initial cloud-init job (metadata service crawler)...
[[0;32m  OK  [0m] Reached target Network.
[   27.142416] cloud-init[950]: Cloud-init v. 18.4-0ubuntu1~16.04.2 running 'init' at Thu, 08 Nov 2018 00:35:43 +0000. Up 22.14 seconds.
[   27.177128] cloud-init[950]: ci-info: ++++++++++++++++++++++++++++++++++++++Net device info++++++++++++++++++++++++++++++++++++++
[   27.183444] cloud-init[950]: ci-info: +--------+------+----------------------------+---------------+--------+-------------------+
[   27.188625] cloud-init[950]: ci-info: | Device |  Up  |          Address           |      Mask     | Scope  |     Hw-Address    |
[   27.206893] cloud-init[950]: ci-info: +--------+------+----------------------------+---------------+--------+-------------------+
[   27.212255] cloud-init[950]: ci-info: | enp0s3 | True |         10.0.2.15          | 255.255.255.0 | global | 02:33:70:c2:c2:dc |
[   27.229168] cloud-init[950]: ci-info: | enp0s3 | True | fe80::33:70ff:fec2:c2dc/64 |       .       |  link  | 02:33:70:c2:c2:dc |
[   27.241840] cloud-init[950]: ci-info: |   lo   | True |         127.0.0.1          |   255.0.0.0   |  host  |         .         |
[   27.247386] cloud-init[950]: ci-info: |   lo   | True |          ::1/128           |       .       |  host  |         .         |
[   27.282422] cloud-init[950]: ci-info: +--------+------+----------------------------+---------------+--------+-------------------+
[   27.302770] cloud-init[950]: ci-info: +++++++++++++++++++++++++++Route IPv4 info++++++++++++++++++++++++++++
[[0;32m  OK  [0m] Started Initial cloud-init job (metadata service crawler).
[   27.353230] cloud-init[950]: [[0;32m  OK  [0m] Reached target Network is Online.
ci-info: +-------+-------------+----------+---------------+-----------+-------+
[   27.386745]          Starting iSCSI initiator daemon (iscsid)...
[[0;32m  OK  [0m] Reached target System Initialization.
cloud-init[950]: ci-info: | Route | Destination | Gateway  |    Genmask    | Interface | Flags |
[   27.414801] cloud-init[[0;32m  OK  [0m] Started Daily apt download activities.
[[0;32m  OK  [0m] Listening on D-Bus System Message Bus Socket.
[950]: ci-info: +-------+-------------+----------+---------------+-----------+-------+
[   27.424366]          Starting Socket activation for snappy daemon.
cloud-init[950]: ci-info: |   0   |   0.0.0.0   | 10.0.2.2 |    0.0.0.0    |   enp0s3  |   UG  |
[   27.441566] [[0;32m  OK  [0m] Started Daily apt upgrade and clean activities.
[[0;32m  OK  [0m] Started Daily Cleanup of Temporary Directories.
[[0;32m  OK  [0m] Reached target Timers.
[[0;32m  OK  [0m] Listening on UUID daemon activation socket.
cloud-init[950]: ci-info: |   1   |   10.0.2.0  | 0.0.0.0  | 255.255.255.0 |   enp0s3  |   U   |
[   27.457549] cloud-init[950]: ci-info: +-------+-------------+----------+---------------+-----------+-------+[[0;32m  OK  [0m] Started ACPI Events Check.
[[0;32m  OK  [0m] Reached target Paths.

[   27.473939] [[0;32m  OK  [0m] Listening on ACPID Listen Socket.
cloud-init[950]: ci-info: +++++++++++++++++++Route IPv6 info+++++++++++++++++++
[   27.484114] cloud-init         Starting LXD - unix socket.
[[0;32m  OK  [0m] Reached target Cloud-config availability.
[950]: ci-info: +-------+-------------+---------+-----------+-------+
[   27.503609] cloud-init[950]: ci-info: | Route | Destination | Gateway | Interface | Flags |[[0;32m  OK  [0m] Listening on Socket activation for snappy daemon.
[[0;32m  OK  [0m] Listening on LXD - unix socket.

[   27.515325] cloud-init[950]: ci-info: +-------+-------------+---------+-----------+-------+
[   27.524971] cloud-init[950]: ci-info: |   0   |  fe80::/64  |    ::   |   enp0s3  |   U   |
[   27.577701] cloud-init[950]: ci-info: |   3   |   ff00::/8  |    ::   |   enp0s3  |   U   |
[   27.578702] cloud-init[950]: ci-info: +-------+-------------+---------+-----------+-------+
[   27.581506] cloud-init[950]: Generating public/private rsa key pair.
[[0;32m  OK  [0m] Started iSCSI initiator daemon (iscsid).
[   27.583987] cloud-init[950]: Your identification has been saved in /etc/ssh/ssh_host_rsa_key.
[   27.635808] cloud-init[950]: Your public key has been saved in /etc/ssh/ssh_host_rsa_key.pub.
[   27.636945] cloud-init[950]: The key fingerprint is:
[   27.637916] cloud-init[950]: SHA256:B2xX4aHlY8XvcIjfNvviD6xoOswx+3LBy1JyCAwQepc root@ubuntu-xenial
[   27.638868] cloud-init[950]: The key's randomart image is:
[   27.639820] cloud-init[950]: +---[RSA 2048]----+
[   27.641255] cloud-init[950]: |  oo        =o.  |
[   27.641787] cloud-init[950]: | .  .. .   * o.  |
[   27.642689] cloud-init[950]: |. . Eo  + o =. o |
[   27.643202] cloud-init[950]: | . .  o. o ...o o|
         Starting Login to default iSCSI targets...
[[0;32m  OK  [0m] Reached target Sockets.
[[0;32m  OK  [0m] Reached target Basic System.
[[0;32m  OK  [0m] Started Deferred execution scheduler.
[   27.643734] cloud-init[950]: |       .So.  . = |
[   27.666184] cloud-init[950]: |        =.=  ...+|
[   27.686010] cloud-init[950]: |       o O o  o.o|
[   27.693463] cloud-init[[0;32m  OK  [0m] Started ACPI event daemon.
[[0;32m  OK  [0m] Started Unattended Upgrades Shutdown.
         Starting System Logging Service...
[950]: |        B =. ..o |
         Starting Login Service...
[   27.724909] cloud-init[950]: |        .Oo ...o+|
[   27.749599] cloud-init[950]: +----[SHA256]-----+
[   27.750820] cloud-init[950]: Generating public/private dsa key pair.
         Starting Snappy daemon...
[   27.751806] cloud-init[950]: Your identification has been saved in /etc/ssh/ssh_host_dsa_key.
         Starting LXD - container startup/shutdown...
[[0;32m  OK  [0m] Started FUSE filesystem for LXC.
[   27.797557] cloud-init[950]: Your public key has been saved in /etc/ssh/ssh_host_dsa_key.pub.
         Starting Accounts Service...
[   27.829810]          Starting LSB: MD monitoring daemon...
         Starting LSB: Record successful boot for GRUB...
         Starting Virtualbox guest utils...
         Starting Pollinate to seed the pseudo random number generator...
cloud-init[950]: The key fingerprint is:[[0;32m  OK  [0m] Started D-Bus System Message Bus.

[   27.896536] cloud-init[950]: SHA256:iQ5RuKO7aBKKYAu817bdX8rmEu6DOBpBKekvJFlPXfY root@ubuntu-xenial
[   27.925043] cloud-init[950]: The key's randomart image is:
[   27.950036] cloud-init[950]: +---[DSA 1024]----+
[   27.961568] cloud-init[950]: |     .. o        |
[   27.966936] cloud-init[950]: |  . oo o .       |
[   27.972731] cloud-init[950]: | o.oo..   E      |
[   27.980207] cloud-init[950]: |.oooo. . .       |
[   27.993001] cloud-init[950]: |+o oo.. S        |
[   27.999202] cloud-init[950]: |*oo .o   .       |
[   28.004237] cloud-init[950]: |*oo+. o o .  .   |
[   28.009182] cloud-init[950]: |+=o..=...+..o    |
[   28.013918] cloud-init[950]: |+ ooo.o..o*=     |
[   28.022926] cloud-init[950]: +----[SHA256]-----+
[   28.028369] cloud-init[950]: Generating public/private ecdsa key pair.
[   28.033301] cloud-init[950]: Your identification has been saved in /etc/ssh/ssh_host_ecdsa_key.
[   28.040621] cloud-init[950]: Your public key has been saved in /etc/ssh/ssh_host_ecdsa_key.pub.
[   28.046610] cloud-init[950]: The key fingerprint is:
[   28.050870] cloud-init[950]: SHA256:CD//u7GdX/y7U+z5+/7jDPPSuyDkcPa2/+bVXVdQhO0 root@ubuntu-xenial
[   28.056913] cloud-init[950]: The key's randomart image is:
[   28.061553] cloud-init[950]: +---[ECDSA 256]---+
[   28.067214] cloud-init[950]: |              .=o|
[   28.071709] cloud-init[950]: |              ...|
[   28.075710] cloud-init[950]: |    .          ..|
[   28.080270] cloud-init[950]: |     o .        E|
[   28.086673] cloud-init[950]: |      + S. +   .o|
[   28.091175] cloud-init[950]: |       o  * .  .B|
[   28.096783] cloud-init[950]: |        . .o *..O|
[   28.099593] cloud-init[950]: |         . +ooB*=|
[   28.102965] cloud-init[950]: |          =ooo=#^|
[   28.109263] cloud-init[950]: +----[SHA256]-----+
[   28.114126] cloud-init[950]: Generating public/private ed25519 key pair.
[   28.158314] cloud-init[950]: Your identification has been saved in /etc/ssh/ssh_host_ed25519_key.
[   28.167631] cloud-init[950]: Your public key has been saved in /etc/ssh/ssh_host_ed25519_key.pub.
[   28.196329] cloud-init[950]: The key fingerprint is:
[   28.208508] cloud-init[950]: SHA256:1SCebY1kcQTcDgyH0wknyD+523V/isaT932+uVp3nWE root@ubuntu-xenial
[   28.257020] cloud-init[950]: The key's randomart image is:
[   28.264799] cloud-init[950]: +--[ED25519 256]--+
[   28.267987] cloud-init[950]: |     . .=BO*o    |
[   28.272818] cloud-init[950]: |      o.oX**.    |
[   28.295562] cloud-init[950]: |       .oo=oo    |
[   28.312236] cloud-init[950]: |        +o  .    |
[   28.340047] cloud-init[950]: |        So     E |
[   28.345520] cloud-init[950]: |        .   . o +|
[   28.350215] cloud-init[950]: |         o o o ++|
[   28.355476] cloud-init[950]: |        . . =.o O|
[   28.363068] cloud-init[950]: |           ..+oBO|
[   28.367758] cloud-init[950]: +----[SHA256]-----+
         Starting /etc/rc.local Compatibility...
[[0;32m  OK  [0m] Started Regular background program processing daemon.
[[0;32m  OK  [0m] Started System Logging Service.
[[0;32m  OK  [0m] Started /etc/rc.local Compatibility.
[[0;32m  OK  [0m] Started Login Service.
[[0;32m  OK  [0m] Started LSB: Record successful boot for GRUB.
[[0;32m  OK  [0m] Started LSB: MD monitoring daemon.
[[0;32m  OK  [0m] Started Login to default iSCSI targets.
[[0;32m  OK  [0m] Reached target Remote File Systems (Pre).
[[0;32m  OK  [0m] Reached target Remote File Systems.
         Starting Permit User Sessions...
         Starting LSB: automatic crash report generation...
         Starting LSB: Set the CPU Frequency Scaling governor to "ondemand"...
         Starting LSB: daemon to balance interrupts for SMP systems...
         Starting Authenticate and Authorize Users to Run Privileged Tasks...
[[0;32m  OK  [0m] Started Permit User Sessions.
[[0;32m  OK  [0m] Started LSB: Set the CPU Frequency Scaling governor to "ondemand".
         Starting Hold until boot process finishes up...
         Starting Terminate Plymouth Boot Screen...
[[0;32m  OK  [0m] Started Hold until boot process finishes up.
[[0;32m  OK  [0m] Started Terminate Plymouth Boot Screen.
         Starting Set console scheme...
[[0;32m  OK  [0m] Started Getty on tty1.
[[0;32m  OK  [0m] Started Serial Getty on ttyS0.
[[0;32m  OK  [0m] Reached target Login Prompts.
[[0;32m  OK  [0m] Started Set console scheme.
[[0;32m  OK  [0m] Started LSB: daemon to balance interrupts for SMP systems.
[[0;32m  OK  [0m] Started LSB: automatic crash report generation.
[[0;32m  OK  [0m] Started Authenticate and Authorize Users to Run Privileged Tasks.
[[0;32m  OK  [0m] Started Accounts Service.
[[0;32m  OK  [0m] Started Virtualbox guest utils.
[[0;32m  OK  [0m] Started LXD - container startup/shutdown.
[[0;32m  OK  [0m] Started Snappy daemon.
         Starting Wait until snapd is fully seeded...
[[0;32m  OK  [0m] Started Pollinate to seed the pseudo random number generator.
         Starting OpenBSD Secure Shell server...
[[0;32m  OK  [0m] Started OpenBSD Secure Shell server.
[[0;32m  OK  [0m] Created slice User Slice of vagrant.
         Starting User Manager for UID 1000...
[[0;32m  OK  [0m] Started Session 1 of user vagrant.
[[0;32m  OK  [0m] Started User Manager for UID 1000.

Ubuntu 16.04.5 LTS ubuntu-xenial ttyS0

ubuntu-xenial login: [   38.144415] cloud-init[1354]: Generating locales (this might take a while)...
[   40.734162] cloud-init[1354]:   en_US.UTF-8... done
[   40.735983] cloud-init[1354]: Generation complete.
[   43.911013] cloud-init[1354]: Cloud-init v. 18.4-0ubuntu1~16.04.2 running 'modules:config' at Thu, 08 Nov 2018 00:35:59 +0000. Up 37.29 seconds.
ci-info: no authorized ssh keys fingerprints found for user ubuntu.
<14>Nov  8 00:36:07 ec2: 
<14>Nov  8 00:36:07 ec2: #############################################################
<14>Nov  8 00:36:07 ec2: -----BEGIN SSH HOST KEY FINGERPRINTS-----
<14>Nov  8 00:36:07 ec2: 1024 SHA256:iQ5RuKO7aBKKYAu817bdX8rmEu6DOBpBKekvJFlPXfY root@ubuntu-xenial (DSA)
<14>Nov  8 00:36:07 ec2: 256 SHA256:CD//u7GdX/y7U+z5+/7jDPPSuyDkcPa2/+bVXVdQhO0 root@ubuntu-xenial (ECDSA)
<14>Nov  8 00:36:07 ec2: 256 SHA256:1SCebY1kcQTcDgyH0wknyD+523V/isaT932+uVp3nWE root@ubuntu-xenial (ED25519)
<14>Nov  8 00:36:07 ec2: 2048 SHA256:B2xX4aHlY8XvcIjfNvviD6xoOswx+3LBy1JyCAwQepc root@ubuntu-xenial (RSA)
<14>Nov  8 00:36:07 ec2: -----END SSH HOST KEY FINGERPRINTS-----
<14>Nov  8 00:36:07 ec2: #############################################################
-----BEGIN SSH HOST KEY KEYS-----
ecdsa-sha2-nistp256 AAAAE2VjZHNhLXNoYTItbmlzdHAyNTYAAAAIbmlzdHAyNTYAAABBBOkEhHL0rVceqZeUKhR+y0tLAd02gtFUnWgVGT6GNhqCCeApEUg3N6lRmXBrQKbcDdAyal+0OEMvlhqHVuOvf08= root@ubuntu-xenial
ssh-ed25519 AAAAC3NzaC1lZDI1NTE5AAAAIP/IhywLgeCvEKVv4zpTH5N0UrrVP8sj7BbokcKmqtYy root@ubuntu-xenial
ssh-rsa AAAAB3NzaC1yc2EAAAADAQABAAABAQC0ThG1NSw9c8gSqtvXy0spKzUdL4Io9CHVJI0nR4F8qBXPQndQjtPP4GztjQZMdyo2bU5WAr/70w4V4GvJkKz7mzTgTO9pPJL0rY1k6UQsM7mjWK7LKS4uoyi/CKBQTtgKEQmuXvUY2ZnBCs9hsE1+9Zjbtf5PiL8lpMjWlbf0AbpHX5KN6/yGMT5m2u2m0MxXymzWH4hmRloOzuxB/zuLOjKh/MFzAek7BXLA3+zgvdbHocBx5Oe67JMBasYo+W0ebKreqByBns8/oC7EQRr6gyhWyc7o5h2iBtX+xUi9PHt8mrMrksV1vbRbtEZcRhiPgzjeX4k8oHw5TIRBQcfR root@ubuntu-xenial
-----END SSH HOST KEY KEYS-----
[   45.956557] cloud-init[1524]: Cloud-init v. 18.4-0ubuntu1~16.04.2 running 'modules:final' at Thu, 08 Nov 2018 00:36:07 +0000. Up 45.27 seconds.
[   45.965418] cloud-init[1524]: ci-info: no authorized ssh keys fingerprints found for user ubuntu.
[   45.972581] cloud-init[1524]: Cloud-init v. 18.4-0ubuntu1~16.04.2 finished at Thu, 08 Nov 2018 00:36:07 +0000. Datasource DataSourceNoCloud [seed=/dev/sdb][dsmode=net].  Up 45.86 seconds
